E:/ST/dev/Basics/test1/Inc/CMSIS/Include/core_cm4.h:1684:22:__NVIC_EnableIRQ	16	static,ignoring_inline_asm
E:/ST/dev/Basics/test1/Inc/CMSIS/Include/core_cm4.h:1814:22:__NVIC_SetPriority	16	static
E:/ST/dev/Basics/test1/Inc/CMSIS/Include/core_cm4.h:2022:26:SysTick_Config	16	static
../Src/main.c:33:6:SysTick_Handler	4	static
../Src/main.c:41:6:TIM1_UP_IRQHandler	4	static
../Src/main.c:44:13:ConfigureOutputGpio	4	static
../Src/main.c:52:13:ConfigureInputGpio	4	static
../Src/main.c:61:5:main	8	static
